Archive member included because of file (symbol)

/usr/local/Cellar/pebble-sdk/3.2.1/Pebble/aplite/lib/libpebble.a(tmp5yxpeipebble.o)
                              src/square.c.27.o (accel_tap_service_subscribe)

Discarded input sections

 .text          0x0000000000000000        0x0 /usr/local/Cellar/pebble-toolchain/2.0/arm-cs-tools/bin/../lib/gcc/arm-none-eabi/4.7.2/thumb2/crti.o
 .bss           0x0000000000000000        0x0 /usr/local/Cellar/pebble-toolchain/2.0/arm-cs-tools/bin/../lib/gcc/arm-none-eabi/4.7.2/thumb2/crti.o
 .init          0x0000000000000000        0x4 /usr/local/Cellar/pebble-toolchain/2.0/arm-cs-tools/bin/../lib/gcc/arm-none-eabi/4.7.2/thumb2/crti.o
 .fini          0x0000000000000000        0x4 /usr/local/Cellar/pebble-toolchain/2.0/arm-cs-tools/bin/../lib/gcc/arm-none-eabi/4.7.2/thumb2/crti.o
 .text          0x0000000000000000       0xc8 /usr/local/Cellar/pebble-toolchain/2.0/arm-cs-tools/bin/../lib/gcc/arm-none-eabi/4.7.2/thumb2/crtbegin.o
 .bss           0x0000000000000000       0x1c /usr/local/Cellar/pebble-toolchain/2.0/arm-cs-tools/bin/../lib/gcc/arm-none-eabi/4.7.2/thumb2/crtbegin.o
 .init_array    0x0000000000000000        0x4 /usr/local/Cellar/pebble-toolchain/2.0/arm-cs-tools/bin/../lib/gcc/arm-none-eabi/4.7.2/thumb2/crtbegin.o
 .fini_array    0x0000000000000000        0x4 /usr/local/Cellar/pebble-toolchain/2.0/arm-cs-tools/bin/../lib/gcc/arm-none-eabi/4.7.2/thumb2/crtbegin.o
 .eh_frame      0x0000000000000000        0x0 /usr/local/Cellar/pebble-toolchain/2.0/arm-cs-tools/bin/../lib/gcc/arm-none-eabi/4.7.2/thumb2/crtbegin.o
 .jcr           0x0000000000000000        0x0 /usr/local/Cellar/pebble-toolchain/2.0/arm-cs-tools/bin/../lib/gcc/arm-none-eabi/4.7.2/thumb2/crtbegin.o
 .tm_clone_table
                0x0000000000000000        0x0 /usr/local/Cellar/pebble-toolchain/2.0/arm-cs-tools/bin/../lib/gcc/arm-none-eabi/4.7.2/thumb2/crtbegin.o
 .text          0x0000000000000000        0x0 src/square.c.27.o
 .bss           0x0000000000000000        0x0 src/square.c.27.o
 .text          0x0000000000000000        0x0 aplite/appinfo.auto.c.27.o
 .bss           0x0000000000000000        0x0 aplite/appinfo.auto.c.27.o
 .bss           0x0000000000000000        0x0 /usr/local/Cellar/pebble-sdk/3.2.1/Pebble/aplite/lib/libpebble.a(tmp5yxpeipebble.o)
 .text.accel_data_service_subscribe__deprecated
                0x0000000000000000        0xc /usr/local/Cellar/pebble-sdk/3.2.1/Pebble/aplite/lib/libpebble.a(tmp5yxpeipebble.o)
 .text.accel_data_service_unsubscribe
                0x0000000000000000        0xc /usr/local/Cellar/pebble-sdk/3.2.1/Pebble/aplite/lib/libpebble.a(tmp5yxpeipebble.o)
 .text.accel_service_peek
                0x0000000000000000        0xc /usr/local/Cellar/pebble-sdk/3.2.1/Pebble/aplite/lib/libpebble.a(tmp5yxpeipebble.o)
 .text.accel_service_set_samples_per_update
                0x0000000000000000        0xc /usr/local/Cellar/pebble-sdk/3.2.1/Pebble/aplite/lib/libpebble.a(tmp5yxpeipebble.o)
 .text.accel_service_set_sampling_rate
                0x0000000000000000        0xc /usr/local/Cellar/pebble-sdk/3.2.1/Pebble/aplite/lib/libpebble.a(tmp5yxpeipebble.o)
 .text.accel_tap_service_unsubscribe
                0x0000000000000000        0xc /usr/local/Cellar/pebble-sdk/3.2.1/Pebble/aplite/lib/libpebble.a(tmp5yxpeipebble.o)
 .text.action_bar_layer_add_to_window
                0x0000000000000000        0xc /usr/local/Cellar/pebble-sdk/3.2.1/Pebble/aplite/lib/libpebble.a(tmp5yxpeipebble.o)
 .text.action_bar_layer_clear_icon
                0x0000000000000000        0xc /usr/local/Cellar/pebble-sdk/3.2.1/Pebble/aplite/lib/libpebble.a(tmp5yxpeipebble.o)
 .text.action_bar_layer_create
                0x0000000000000000        0xc /usr/local/Cellar/pebble-sdk/3.2.1/Pebble/aplite/lib/libpebble.a(tmp5yxpeipebble.o)
 .text.action_bar_layer_destroy
                0x0000000000000000        0xc /usr/local/Cellar/pebble-sdk/3.2.1/Pebble/aplite/lib/libpebble.a(tmp5yxpeipebble.o)
 .text.action_bar_layer_get_layer
                0x0000000000000000        0xc /usr/local/Cellar/pebble-sdk/3.2.1/Pebble/aplite/lib/libpebble.a(tmp5yxpeipebble.o)
 .text.action_bar_layer_remove_from_window
                0x0000000000000000        0xc /usr/local/Cellar/pebble-sdk/3.2.1/Pebble/aplite/lib/libpebble.a(tmp5yxpeipebble.o)
 .text.action_bar_layer_set_background_color
                0x0000000000000000        0xc /usr/local/Cellar/pebble-sdk/3.2.1/Pebble/aplite/lib/libpebble.a(tmp5yxpeipebble.o)
 .text.action_bar_layer_set_click_config_provider
                0x0000000000000000        0xc /usr/local/Cellar/pebble-sdk/3.2.1/Pebble/aplite/lib/libpebble.a(tmp5yxpeipebble.o)
 .text.action_bar_layer_set_context
                0x0000000000000000        0xc /usr/local/Cellar/pebble-sdk/3.2.1/Pebble/aplite/lib/libpebble.a(tmp5yxpeipebble.o)
 .text.action_bar_layer_set_icon
                0x0000000000000000        0xc /usr/local/Cellar/pebble-sdk/3.2.1/Pebble/aplite/lib/libpebble.a(tmp5yxpeipebble.o)
 .text.animation_create
                0x0000000000000000        0xc /usr/local/Cellar/pebble-sdk/3.2.1/Pebble/aplite/lib/libpebble.a(tmp5yxpeipebble.o)
 .text.animation_destroy
                0x0000000000000000        0xc /usr/local/Cellar/pebble-sdk/3.2.1/Pebble/aplite/lib/libpebble.a(tmp5yxpeipebble.o)
 .text.animation_get_context
                0x0000000000000000        0xc /usr/local/Cellar/pebble-sdk/3.2.1/Pebble/aplite/lib/libpebble.a(tmp5yxpeipebble.o)
 .text.animation_is_scheduled
                0x0000000000000000        0xc /usr/local/Cellar/pebble-sdk/3.2.1/Pebble/aplite/lib/libpebble.a(tmp5yxpeipebble.o)
 .text.animation_set_curve
                0x0000000000000000        0xc /usr/local/Cellar/pebble-sdk/3.2.1/Pebble/aplite/lib/libpebble.a(tmp5yxpeipebble.o)
 .text.animation_set_implementation
                0x0000000000000000        0xc /usr/local/Cellar/pebble-sdk/3.2.1/Pebble/aplite/lib/libpebble.a(tmp5yxpeipebble.o)
 .text.animation_unschedule
                0x0000000000000000        0xc /usr/local/Cellar/pebble-sdk/3.2.1/Pebble/aplite/lib/libpebble.a(tmp5yxpeipebble.o)
 .text.animation_unschedule_all
                0x0000000000000000        0xc /usr/local/Cellar/pebble-sdk/3.2.1/Pebble/aplite/lib/libpebble.a(tmp5yxpeipebble.o)
 .text.app_comm_get_sniff_interval
                0x0000000000000000        0xc /usr/local/Cellar/pebble-sdk/3.2.1/Pebble/aplite/lib/libpebble.a(tmp5yxpeipebble.o)
 .text.app_comm_set_sniff_interval
                0x0000000000000000        0xc /usr/local/Cellar/pebble-sdk/3.2.1/Pebble/aplite/lib/libpebble.a(tmp5yxpeipebble.o)
 .text.app_message_deregister_callbacks
                0x0000000000000000        0xc /usr/local/Cellar/pebble-sdk/3.2.1/Pebble/aplite/lib/libpebble.a(tmp5yxpeipebble.o)
 .text.app_sync_deinit
                0x0000000000000000        0xc /usr/local/Cellar/pebble-sdk/3.2.1/Pebble/aplite/lib/libpebble.a(tmp5yxpeipebble.o)
 .text.app_sync_get
                0x0000000000000000        0xc /usr/local/Cellar/pebble-sdk/3.2.1/Pebble/aplite/lib/libpebble.a(tmp5yxpeipebble.o)
 .text.app_sync_init
                0x0000000000000000        0xc /usr/local/Cellar/pebble-sdk/3.2.1/Pebble/aplite/lib/libpebble.a(tmp5yxpeipebble.o)
 .text.app_sync_set
                0x0000000000000000        0xc /usr/local/Cellar/pebble-sdk/3.2.1/Pebble/aplite/lib/libpebble.a(tmp5yxpeipebble.o)
 .text.app_timer_cancel
                0x0000000000000000        0xc /usr/local/Cellar/pebble-sdk/3.2.1/Pebble/aplite/lib/libpebble.a(tmp5yxpeipebble.o)
 .text.app_timer_register
                0x0000000000000000        0xc /usr/local/Cellar/pebble-sdk/3.2.1/Pebble/aplite/lib/libpebble.a(tmp5yxpeipebble.o)
 .text.app_timer_reschedule
                0x0000000000000000        0xc /usr/local/Cellar/pebble-sdk/3.2.1/Pebble/aplite/lib/libpebble.a(tmp5yxpeipebble.o)
 .text.atan2_lookup
                0x0000000000000000        0xc /usr/local/Cellar/pebble-sdk/3.2.1/Pebble/aplite/lib/libpebble.a(tmp5yxpeipebble.o)
 .text.atoi     0x0000000000000000        0xc /usr/local/Cellar/pebble-sdk/3.2.1/Pebble/aplite/lib/libpebble.a(tmp5yxpeipebble.o)
 .text.atol     0x0000000000000000        0xc /usr/local/Cellar/pebble-sdk/3.2.1/Pebble/aplite/lib/libpebble.a(tmp5yxpeipebble.o)
 .text.bitmap_layer_create
                0x0000000000000000        0xc /usr/local/Cellar/pebble-sdk/3.2.1/Pebble/aplite/lib/libpebble.a(tmp5yxpeipebble.o)
 .text.bitmap_layer_destroy
                0x0000000000000000        0xc /usr/local/Cellar/pebble-sdk/3.2.1/Pebble/aplite/lib/libpebble.a(tmp5yxpeipebble.o)
 .text.bitmap_layer_get_layer
                0x0000000000000000        0xc /usr/local/Cellar/pebble-sdk/3.2.1/Pebble/aplite/lib/libpebble.a(tmp5yxpeipebble.o)
 .text.bitmap_layer_set_alignment
                0x0000000000000000        0xc /usr/local/Cellar/pebble-sdk/3.2.1/Pebble/aplite/lib/libpebble.a(tmp5yxpeipebble.o)
 .text.bitmap_layer_set_background_color
                0x0000000000000000        0xc /usr/local/Cellar/pebble-sdk/3.2.1/Pebble/aplite/lib/libpebble.a(tmp5yxpeipebble.o)
 .text.bitmap_layer_set_bitmap
                0x0000000000000000        0xc /usr/local/Cellar/pebble-sdk/3.2.1/Pebble/aplite/lib/libpebble.a(tmp5yxpeipebble.o)
 .text.bitmap_layer_set_compositing_mode
                0x0000000000000000        0xc /usr/local/Cellar/pebble-sdk/3.2.1/Pebble/aplite/lib/libpebble.a(tmp5yxpeipebble.o)
 .text.bluetooth_connection_service_peek
                0x0000000000000000        0xc /usr/local/Cellar/pebble-sdk/3.2.1/Pebble/aplite/lib/libpebble.a(tmp5yxpeipebble.o)
 .text.bluetooth_connection_service_subscribe
                0x0000000000000000        0xc /usr/local/Cellar/pebble-sdk/3.2.1/Pebble/aplite/lib/libpebble.a(tmp5yxpeipebble.o)
 .text.bluetooth_connection_service_unsubscribe
                0x0000000000000000        0xc /usr/local/Cellar/pebble-sdk/3.2.1/Pebble/aplite/lib/libpebble.a(tmp5yxpeipebble.o)
 .text.click_number_of_clicks_counted
                0x0000000000000000        0xc /usr/local/Cellar/pebble-sdk/3.2.1/Pebble/aplite/lib/libpebble.a(tmp5yxpeipebble.o)
 .text.click_recognizer_get_button_id
                0x0000000000000000        0xc /usr/local/Cellar/pebble-sdk/3.2.1/Pebble/aplite/lib/libpebble.a(tmp5yxpeipebble.o)
 .text.clock_copy_time_string
                0x0000000000000000        0xc /usr/local/Cellar/pebble-sdk/3.2.1/Pebble/aplite/lib/libpebble.a(tmp5yxpeipebble.o)
 .text.cos_lookup
                0x0000000000000000        0xc /usr/local/Cellar/pebble-sdk/3.2.1/Pebble/aplite/lib/libpebble.a(tmp5yxpeipebble.o)
 .text.data_logging_create
                0x0000000000000000        0xc /usr/local/Cellar/pebble-sdk/3.2.1/Pebble/aplite/lib/libpebble.a(tmp5yxpeipebble.o)
 .text.data_logging_finish
                0x0000000000000000        0xc /usr/local/Cellar/pebble-sdk/3.2.1/Pebble/aplite/lib/libpebble.a(tmp5yxpeipebble.o)
 .text.data_logging_log
                0x0000000000000000        0xc /usr/local/Cellar/pebble-sdk/3.2.1/Pebble/aplite/lib/libpebble.a(tmp5yxpeipebble.o)
 .text.dict_calc_buffer_size
                0x0000000000000000        0xc /usr/local/Cellar/pebble-sdk/3.2.1/Pebble/aplite/lib/libpebble.a(tmp5yxpeipebble.o)
 .text.dict_calc_buffer_size_from_tuplets
                0x0000000000000000        0xc /usr/local/Cellar/pebble-sdk/3.2.1/Pebble/aplite/lib/libpebble.a(tmp5yxpeipebble.o)
 .text.dict_merge
                0x0000000000000000        0xc /usr/local/Cellar/pebble-sdk/3.2.1/Pebble/aplite/lib/libpebble.a(tmp5yxpeipebble.o)
 .text.dict_read_begin_from_buffer
                0x0000000000000000        0xc /usr/local/Cellar/pebble-sdk/3.2.1/Pebble/aplite/lib/libpebble.a(tmp5yxpeipebble.o)
 .text.dict_read_first
                0x0000000000000000        0xc /usr/local/Cellar/pebble-sdk/3.2.1/Pebble/aplite/lib/libpebble.a(tmp5yxpeipebble.o)
 .text.dict_read_next
                0x0000000000000000        0xc /usr/local/Cellar/pebble-sdk/3.2.1/Pebble/aplite/lib/libpebble.a(tmp5yxpeipebble.o)
 .text.dict_serialize_tuplets
                0x0000000000000000        0xc /usr/local/Cellar/pebble-sdk/3.2.1/Pebble/aplite/lib/libpebble.a(tmp5yxpeipebble.o)
 .text.dict_serialize_tuplets_to_buffer__deprecated
                0x0000000000000000        0xc /usr/local/Cellar/pebble-sdk/3.2.1/Pebble/aplite/lib/libpebble.a(tmp5yxpeipebble.o)
 .text.dict_serialize_tuplets_to_buffer_with_iter
                0x0000000000000000        0xc /usr/local/Cellar/pebble-sdk/3.2.1/Pebble/aplite/lib/libpebble.a(tmp5yxpeipebble.o)
 .text.dict_write_begin
                0x0000000000000000        0xc /usr/local/Cellar/pebble-sdk/3.2.1/Pebble/aplite/lib/libpebble.a(tmp5yxpeipebble.o)
 .text.dict_write_cstring
                0x0000000000000000        0xc /usr/local/Cellar/pebble-sdk/3.2.1/Pebble/aplite/lib/libpebble.a(tmp5yxpeipebble.o)
 .text.dict_write_data
                0x0000000000000000        0xc /usr/local/Cellar/pebble-sdk/3.2.1/Pebble/aplite/lib/libpebble.a(tmp5yxpeipebble.o)
 .text.dict_write_end
                0x0000000000000000        0xc /usr/local/Cellar/pebble-sdk/3.2.1/Pebble/aplite/lib/libpebble.a(tmp5yxpeipebble.o)
 .text.dict_write_int
                0x0000000000000000        0xc /usr/local/Cellar/pebble-sdk/3.2.1/Pebble/aplite/lib/libpebble.a(tmp5yxpeipebble.o)
 .text.dict_write_int16
                0x0000000000000000        0xc /usr/local/Cellar/pebble-sdk/3.2.1/Pebble/aplite/lib/libpebble.a(tmp5yxpeipebble.o)
 .text.dict_write_int32
                0x0000000000000000        0xc /usr/local/Cellar/pebble-sdk/3.2.1/Pebble/aplite/lib/libpebble.a(tmp5yxpeipebble.o)
 .text.dict_write_int8
                0x0000000000000000        0xc /usr/local/Cellar/pebble-sdk/3.2.1/Pebble/aplite/lib/libpebble.a(tmp5yxpeipebble.o)
 .text.dict_write_tuplet
                0x0000000000000000        0xc /usr/local/Cellar/pebble-sdk/3.2.1/Pebble/aplite/lib/libpebble.a(tmp5yxpeipebble.o)
 .text.dict_write_uint16
                0x0000000000000000        0xc /usr/local/Cellar/pebble-sdk/3.2.1/Pebble/aplite/lib/libpebble.a(tmp5yxpeipebble.o)
 .text.dict_write_uint32
                0x0000000000000000        0xc /usr/local/Cellar/pebble-sdk/3.2.1/Pebble/aplite/lib/libpebble.a(tmp5yxpeipebble.o)
 .text.dict_write_uint8
                0x0000000000000000        0xc /usr/local/Cellar/pebble-sdk/3.2.1/Pebble/aplite/lib/libpebble.a(tmp5yxpeipebble.o)
 .text.fonts_get_system_font
                0x0000000000000000        0xc /usr/local/Cellar/pebble-sdk/3.2.1/Pebble/aplite/lib/libpebble.a(tmp5yxpeipebble.o)
 .text.free     0x0000000000000000        0xc /usr/local/Cellar/pebble-sdk/3.2.1/Pebble/aplite/lib/libpebble.a(tmp5yxpeipebble.o)
 .text.gbitmap_create_as_sub_bitmap
                0x0000000000000000        0xc /usr/local/Cellar/pebble-sdk/3.2.1/Pebble/aplite/lib/libpebble.a(tmp5yxpeipebble.o)
 .text.gbitmap_create_with_data
                0x0000000000000000        0xc /usr/local/Cellar/pebble-sdk/3.2.1/Pebble/aplite/lib/libpebble.a(tmp5yxpeipebble.o)
 .text.gbitmap_create_with_resource
                0x0000000000000000        0xc /usr/local/Cellar/pebble-sdk/3.2.1/Pebble/aplite/lib/libpebble.a(tmp5yxpeipebble.o)
 .text.gbitmap_destroy
                0x0000000000000000        0xc /usr/local/Cellar/pebble-sdk/3.2.1/Pebble/aplite/lib/libpebble.a(tmp5yxpeipebble.o)
 .text.gmtime   0x0000000000000000        0xc /usr/local/Cellar/pebble-sdk/3.2.1/Pebble/aplite/lib/libpebble.a(tmp5yxpeipebble.o)
 .text.gpath_create
                0x0000000000000000        0xc /usr/local/Cellar/pebble-sdk/3.2.1/Pebble/aplite/lib/libpebble.a(tmp5yxpeipebble.o)
 .text.gpath_destroy
                0x0000000000000000        0xc /usr/local/Cellar/pebble-sdk/3.2.1/Pebble/aplite/lib/libpebble.a(tmp5yxpeipebble.o)
 .text.gpath_draw_filled_legacy
                0x0000000000000000        0xc /usr/local/Cellar/pebble-sdk/3.2.1/Pebble/aplite/lib/libpebble.a(tmp5yxpeipebble.o)
 .text.gpath_draw_outline
                0x0000000000000000        0xc /usr/local/Cellar/pebble-sdk/3.2.1/Pebble/aplite/lib/libpebble.a(tmp5yxpeipebble.o)
 .text.gpath_move_to
                0x0000000000000000        0xc /usr/local/Cellar/pebble-sdk/3.2.1/Pebble/aplite/lib/libpebble.a(tmp5yxpeipebble.o)
 .text.gpath_rotate_to
                0x0000000000000000        0xc /usr/local/Cellar/pebble-sdk/3.2.1/Pebble/aplite/lib/libpebble.a(tmp5yxpeipebble.o)
 .text.gpoint_equal
                0x0000000000000000        0xc /usr/local/Cellar/pebble-sdk/3.2.1/Pebble/aplite/lib/libpebble.a(tmp5yxpeipebble.o)
 .text.graphics_context_set_compositing_mode
                0x0000000000000000        0xc /usr/local/Cellar/pebble-sdk/3.2.1/Pebble/aplite/lib/libpebble.a(tmp5yxpeipebble.o)
 .text.graphics_context_set_stroke_color
                0x0000000000000000        0xc /usr/local/Cellar/pebble-sdk/3.2.1/Pebble/aplite/lib/libpebble.a(tmp5yxpeipebble.o)
 .text.graphics_context_set_text_color
                0x0000000000000000        0xc /usr/local/Cellar/pebble-sdk/3.2.1/Pebble/aplite/lib/libpebble.a(tmp5yxpeipebble.o)
 .text.graphics_draw_bitmap_in_rect
                0x0000000000000000        0xc /usr/local/Cellar/pebble-sdk/3.2.1/Pebble/aplite/lib/libpebble.a(tmp5yxpeipebble.o)
 .text.graphics_draw_circle
                0x0000000000000000        0xc /usr/local/Cellar/pebble-sdk/3.2.1/Pebble/aplite/lib/libpebble.a(tmp5yxpeipebble.o)
 .text.graphics_draw_line
                0x0000000000000000        0xc /usr/local/Cellar/pebble-sdk/3.2.1/Pebble/aplite/lib/libpebble.a(tmp5yxpeipebble.o)
 .text.graphics_draw_pixel
                0x0000000000000000        0xc /usr/local/Cellar/pebble-sdk/3.2.1/Pebble/aplite/lib/libpebble.a(tmp5yxpeipebble.o)
 .text.graphics_draw_rect
                0x0000000000000000        0xc /usr/local/Cellar/pebble-sdk/3.2.1/Pebble/aplite/lib/libpebble.a(tmp5yxpeipebble.o)
 .text.graphics_draw_round_rect
                0x0000000000000000        0xc /usr/local/Cellar/pebble-sdk/3.2.1/Pebble/aplite/lib/libpebble.a(tmp5yxpeipebble.o)
 .text.graphics_fill_circle
                0x0000000000000000        0xc /usr/local/Cellar/pebble-sdk/3.2.1/Pebble/aplite/lib/libpebble.a(tmp5yxpeipebble.o)
 .text.graphics_text_layout_get_max_used_size
                0x0000000000000000        0xc /usr/local/Cellar/pebble-sdk/3.2.1/Pebble/aplite/lib/libpebble.a(tmp5yxpeipebble.o)
 .text.grect_align
                0x0000000000000000        0xc /usr/local/Cellar/pebble-sdk/3.2.1/Pebble/aplite/lib/libpebble.a(tmp5yxpeipebble.o)
 .text.grect_center_point
                0x0000000000000000        0xc /usr/local/Cellar/pebble-sdk/3.2.1/Pebble/aplite/lib/libpebble.a(tmp5yxpeipebble.o)
 .text.grect_clip
                0x0000000000000000        0xc /usr/local/Cellar/pebble-sdk/3.2.1/Pebble/aplite/lib/libpebble.a(tmp5yxpeipebble.o)
 .text.grect_contains_point
                0x0000000000000000        0xc /usr/local/Cellar/pebble-sdk/3.2.1/Pebble/aplite/lib/libpebble.a(tmp5yxpeipebble.o)
 .text.grect_crop
                0x0000000000000000        0xc /usr/local/Cellar/pebble-sdk/3.2.1/Pebble/aplite/lib/libpebble.a(tmp5yxpeipebble.o)
 .text.grect_equal
                0x0000000000000000        0xc /usr/local/Cellar/pebble-sdk/3.2.1/Pebble/aplite/lib/libpebble.a(tmp5yxpeipebble.o)
 .text.grect_is_empty
                0x0000000000000000        0xc /usr/local/Cellar/pebble-sdk/3.2.1/Pebble/aplite/lib/libpebble.a(tmp5yxpeipebble.o)
 .text.grect_standardize
                0x0000000000000000        0xc /usr/local/Cellar/pebble-sdk/3.2.1/Pebble/aplite/lib/libpebble.a(tmp5yxpeipebble.o)
 .text.gsize_equal
                0x0000000000000000        0xc /usr/local/Cellar/pebble-sdk/3.2.1/Pebble/aplite/lib/libpebble.a(tmp5yxpeipebble.o)
 .text.inverter_layer_create
                0x0000000000000000        0xc /usr/local/Cellar/pebble-sdk/3.2.1/Pebble/aplite/lib/libpebble.a(tmp5yxpeipebble.o)
 .text.inverter_layer_destroy
                0x0000000000000000        0xc /usr/local/Cellar/pebble-sdk/3.2.1/Pebble/aplite/lib/libpebble.a(tmp5yxpeipebble.o)
 .text.inverter_layer_get_layer
                0x0000000000000000        0xc /usr/local/Cellar/pebble-sdk/3.2.1/Pebble/aplite/lib/libpebble.a(tmp5yxpeipebble.o)
 .text.layer_create_with_data
                0x0000000000000000        0xc /usr/local/Cellar/pebble-sdk/3.2.1/Pebble/aplite/lib/libpebble.a(tmp5yxpeipebble.o)
 .text.layer_get_bounds
                0x0000000000000000        0xc /usr/local/Cellar/pebble-sdk/3.2.1/Pebble/aplite/lib/libpebble.a(tmp5yxpeipebble.o)
 .text.layer_get_clips
                0x0000000000000000        0xc /usr/local/Cellar/pebble-sdk/3.2.1/Pebble/aplite/lib/libpebble.a(tmp5yxpeipebble.o)
 .text.layer_get_data
                0x0000000000000000        0xc /usr/local/Cellar/pebble-sdk/3.2.1/Pebble/aplite/lib/libpebble.a(tmp5yxpeipebble.o)
 .text.layer_get_frame
                0x0000000000000000        0xc /usr/local/Cellar/pebble-sdk/3.2.1/Pebble/aplite/lib/libpebble.a(tmp5yxpeipebble.o)
 .text.layer_get_hidden
                0x0000000000000000        0xc /usr/local/Cellar/pebble-sdk/3.2.1/Pebble/aplite/lib/libpebble.a(tmp5yxpeipebble.o)
 .text.layer_get_window
                0x0000000000000000        0xc /usr/local/Cellar/pebble-sdk/3.2.1/Pebble/aplite/lib/libpebble.a(tmp5yxpeipebble.o)
 .text.layer_insert_above_sibling
                0x0000000000000000        0xc /usr/local/Cellar/pebble-sdk/3.2.1/Pebble/aplite/lib/libpebble.a(tmp5yxpeipebble.o)
 .text.layer_insert_below_sibling
                0x0000000000000000        0xc /usr/local/Cellar/pebble-sdk/3.2.1/Pebble/aplite/lib/libpebble.a(tmp5yxpeipebble.o)
 .text.layer_remove_child_layers
                0x0000000000000000        0xc /usr/local/Cellar/pebble-sdk/3.2.1/Pebble/aplite/lib/libpebble.a(tmp5yxpeipebble.o)
 .text.layer_remove_from_parent
                0x0000000000000000        0xc /usr/local/Cellar/pebble-sdk/3.2.1/Pebble/aplite/lib/libpebble.a(tmp5yxpeipebble.o)
 .text.layer_set_bounds
                0x0000000000000000        0xc /usr/local/Cellar/pebble-sdk/3.2.1/Pebble/aplite/lib/libpebble.a(tmp5yxpeipebble.o)
 .text.layer_set_clips
                0x0000000000000000        0xc /usr/local/Cellar/pebble-sdk/3.2.1/Pebble/aplite/lib/libpebble.a(tmp5yxpeipebble.o)
 .text.layer_set_frame
                0x0000000000000000        0xc /usr/local/Cellar/pebble-sdk/3.2.1/Pebble/aplite/lib/libpebble.a(tmp5yxpeipebble.o)
 .text.light_enable
                0x0000000000000000        0xc /usr/local/Cellar/pebble-sdk/3.2.1/Pebble/aplite/lib/libpebble.a(tmp5yxpeipebble.o)
 .text.light_enable_interaction
                0x0000000000000000        0xc /usr/local/Cellar/pebble-sdk/3.2.1/Pebble/aplite/lib/libpebble.a(tmp5yxpeipebble.o)
 .text.malloc   0x0000000000000000        0xc /usr/local/Cellar/pebble-sdk/3.2.1/Pebble/aplite/lib/libpebble.a(tmp5yxpeipebble.o)
 .text.memcpy   0x0000000000000000        0xc /usr/local/Cellar/pebble-sdk/3.2.1/Pebble/aplite/lib/libpebble.a(tmp5yxpeipebble.o)
 .text.memmove  0x0000000000000000        0xc /usr/local/Cellar/pebble-sdk/3.2.1/Pebble/aplite/lib/libpebble.a(tmp5yxpeipebble.o)
 .text.menu_cell_basic_draw
                0x0000000000000000        0xc /usr/local/Cellar/pebble-sdk/3.2.1/Pebble/aplite/lib/libpebble.a(tmp5yxpeipebble.o)
 .text.menu_cell_basic_header_draw
                0x0000000000000000        0xc /usr/local/Cellar/pebble-sdk/3.2.1/Pebble/aplite/lib/libpebble.a(tmp5yxpeipebble.o)
 .text.menu_cell_title_draw
                0x0000000000000000        0xc /usr/local/Cellar/pebble-sdk/3.2.1/Pebble/aplite/lib/libpebble.a(tmp5yxpeipebble.o)
 .text.menu_index_compare
                0x0000000000000000        0xc /usr/local/Cellar/pebble-sdk/3.2.1/Pebble/aplite/lib/libpebble.a(tmp5yxpeipebble.o)
 .text.menu_layer_create
                0x0000000000000000        0xc /usr/local/Cellar/pebble-sdk/3.2.1/Pebble/aplite/lib/libpebble.a(tmp5yxpeipebble.o)
 .text.menu_layer_destroy
                0x0000000000000000        0xc /usr/local/Cellar/pebble-sdk/3.2.1/Pebble/aplite/lib/libpebble.a(tmp5yxpeipebble.o)
 .text.menu_layer_get_layer
                0x0000000000000000        0xc /usr/local/Cellar/pebble-sdk/3.2.1/Pebble/aplite/lib/libpebble.a(tmp5yxpeipebble.o)
 .text.menu_layer_get_scroll_layer
                0x0000000000000000        0xc /usr/local/Cellar/pebble-sdk/3.2.1/Pebble/aplite/lib/libpebble.a(tmp5yxpeipebble.o)
 .text.menu_layer_get_selected_index
                0x0000000000000000        0xc /usr/local/Cellar/pebble-sdk/3.2.1/Pebble/aplite/lib/libpebble.a(tmp5yxpeipebble.o)
 .text.menu_layer_reload_data
                0x0000000000000000        0xc /usr/local/Cellar/pebble-sdk/3.2.1/Pebble/aplite/lib/libpebble.a(tmp5yxpeipebble.o)
 .text.menu_layer_set_callbacks__deprecated
                0x0000000000000000        0xc /usr/local/Cellar/pebble-sdk/3.2.1/Pebble/aplite/lib/libpebble.a(tmp5yxpeipebble.o)
 .text.menu_layer_set_click_config_onto_window
                0x0000000000000000        0xc /usr/local/Cellar/pebble-sdk/3.2.1/Pebble/aplite/lib/libpebble.a(tmp5yxpeipebble.o)
 .text.menu_layer_set_selected_index
                0x0000000000000000        0xc /usr/local/Cellar/pebble-sdk/3.2.1/Pebble/aplite/lib/libpebble.a(tmp5yxpeipebble.o)
 .text.menu_layer_set_selected_next
                0x0000000000000000        0xc /usr/local/Cellar/pebble-sdk/3.2.1/Pebble/aplite/lib/libpebble.a(tmp5yxpeipebble.o)
 .text.number_window_create
                0x0000000000000000        0xc /usr/local/Cellar/pebble-sdk/3.2.1/Pebble/aplite/lib/libpebble.a(tmp5yxpeipebble.o)
 .text.number_window_destroy
                0x0000000000000000        0xc /usr/local/Cellar/pebble-sdk/3.2.1/Pebble/aplite/lib/libpebble.a(tmp5yxpeipebble.o)
 .text.number_window_get_value
                0x0000000000000000        0xc /usr/local/Cellar/pebble-sdk/3.2.1/Pebble/aplite/lib/libpebble.a(tmp5yxpeipebble.o)
 .text.number_window_set_label
                0x0000000000000000        0xc /usr/local/Cellar/pebble-sdk/3.2.1/Pebble/aplite/lib/libpebble.a(tmp5yxpeipebble.o)
 .text.number_window_set_max
                0x0000000000000000        0xc /usr/local/Cellar/pebble-sdk/3.2.1/Pebble/aplite/lib/libpebble.a(tmp5yxpeipebble.o)
 .text.number_window_set_min
                0x0000000000000000        0xc /usr/local/Cellar/pebble-sdk/3.2.1/Pebble/aplite/lib/libpebble.a(tmp5yxpeipebble.o)
 .text.number_window_set_step_size
                0x0000000000000000        0xc /usr/local/Cellar/pebble-sdk/3.2.1/Pebble/aplite/lib/libpebble.a(tmp5yxpeipebble.o)
 .text.number_window_set_value
                0x0000000000000000        0xc /usr/local/Cellar/pebble-sdk/3.2.1/Pebble/aplite/lib/libpebble.a(tmp5yxpeipebble.o)
 .text.persist_delete
                0x0000000000000000        0xc /usr/local/Cellar/pebble-sdk/3.2.1/Pebble/aplite/lib/libpebble.a(tmp5yxpeipebble.o)
 .text.persist_get_size
                0x0000000000000000        0xc /usr/local/Cellar/pebble-sdk/3.2.1/Pebble/aplite/lib/libpebble.a(tmp5yxpeipebble.o)
 .text.persist_read_bool
                0x0000000000000000        0xc /usr/local/Cellar/pebble-sdk/3.2.1/Pebble/aplite/lib/libpebble.a(tmp5yxpeipebble.o)
 .text.persist_read_data__deprecated
                0x0000000000000000        0xc /usr/local/Cellar/pebble-sdk/3.2.1/Pebble/aplite/lib/libpebble.a(tmp5yxpeipebble.o)
 .text.persist_read_string__deprecated
                0x0000000000000000        0xc /usr/local/Cellar/pebble-sdk/3.2.1/Pebble/aplite/lib/libpebble.a(tmp5yxpeipebble.o)
 .text.persist_write_bool
                0x0000000000000000        0xc /usr/local/Cellar/pebble-sdk/3.2.1/Pebble/aplite/lib/libpebble.a(tmp5yxpeipebble.o)
 .text.persist_write_data__deprecated
                0x0000000000000000        0xc /usr/local/Cellar/pebble-sdk/3.2.1/Pebble/aplite/lib/libpebble.a(tmp5yxpeipebble.o)
 .text.persist_write_string
                0x0000000000000000        0xc /usr/local/Cellar/pebble-sdk/3.2.1/Pebble/aplite/lib/libpebble.a(tmp5yxpeipebble.o)
 .text.property_animation_create
                0x0000000000000000        0xc /usr/local/Cellar/pebble-sdk/3.2.1/Pebble/aplite/lib/libpebble.a(tmp5yxpeipebble.o)
 .text.property_animation_update_gpoint
                0x0000000000000000        0xc /usr/local/Cellar/pebble-sdk/3.2.1/Pebble/aplite/lib/libpebble.a(tmp5yxpeipebble.o)
 .text.property_animation_update_grect
                0x0000000000000000        0xc /usr/local/Cellar/pebble-sdk/3.2.1/Pebble/aplite/lib/libpebble.a(tmp5yxpeipebble.o)
 .text.property_animation_update_int16
                0x0000000000000000        0xc /usr/local/Cellar/pebble-sdk/3.2.1/Pebble/aplite/lib/libpebble.a(tmp5yxpeipebble.o)
 .text.psleep   0x0000000000000000        0xc /usr/local/Cellar/pebble-sdk/3.2.1/Pebble/aplite/lib/libpebble.a(tmp5yxpeipebble.o)
 .text.rand     0x0000000000000000        0xc /usr/local/Cellar/pebble-sdk/3.2.1/Pebble/aplite/lib/libpebble.a(tmp5yxpeipebble.o)
 .text.resource_load
                0x0000000000000000        0xc /usr/local/Cellar/pebble-sdk/3.2.1/Pebble/aplite/lib/libpebble.a(tmp5yxpeipebble.o)
 .text.resource_load_byte_range
                0x0000000000000000        0xc /usr/local/Cellar/pebble-sdk/3.2.1/Pebble/aplite/lib/libpebble.a(tmp5yxpeipebble.o)
 .text.resource_size
                0x0000000000000000        0xc /usr/local/Cellar/pebble-sdk/3.2.1/Pebble/aplite/lib/libpebble.a(tmp5yxpeipebble.o)
 .text.rot_bitmap_layer_create
                0x0000000000000000        0xc /usr/local/Cellar/pebble-sdk/3.2.1/Pebble/aplite/lib/libpebble.a(tmp5yxpeipebble.o)
 .text.rot_bitmap_layer_destroy
                0x0000000000000000        0xc /usr/local/Cellar/pebble-sdk/3.2.1/Pebble/aplite/lib/libpebble.a(tmp5yxpeipebble.o)
 .text.rot_bitmap_layer_increment_angle
                0x0000000000000000        0xc /usr/local/Cellar/pebble-sdk/3.2.1/Pebble/aplite/lib/libpebble.a(tmp5yxpeipebble.o)
 .text.rot_bitmap_layer_set_angle
                0x0000000000000000        0xc /usr/local/Cellar/pebble-sdk/3.2.1/Pebble/aplite/lib/libpebble.a(tmp5yxpeipebble.o)
 .text.rot_bitmap_layer_set_corner_clip_color
                0x0000000000000000        0xc /usr/local/Cellar/pebble-sdk/3.2.1/Pebble/aplite/lib/libpebble.a(tmp5yxpeipebble.o)
 .text.rot_bitmap_set_compositing_mode
                0x0000000000000000        0xc /usr/local/Cellar/pebble-sdk/3.2.1/Pebble/aplite/lib/libpebble.a(tmp5yxpeipebble.o)
 .text.rot_bitmap_set_src_ic
                0x0000000000000000        0xc /usr/local/Cellar/pebble-sdk/3.2.1/Pebble/aplite/lib/libpebble.a(tmp5yxpeipebble.o)
 .text.scroll_layer_add_child
                0x0000000000000000        0xc /usr/local/Cellar/pebble-sdk/3.2.1/Pebble/aplite/lib/libpebble.a(tmp5yxpeipebble.o)
 .text.scroll_layer_create
                0x0000000000000000        0xc /usr/local/Cellar/pebble-sdk/3.2.1/Pebble/aplite/lib/libpebble.a(tmp5yxpeipebble.o)
 .text.scroll_layer_destroy
                0x0000000000000000        0xc /usr/local/Cellar/pebble-sdk/3.2.1/Pebble/aplite/lib/libpebble.a(tmp5yxpeipebble.o)
 .text.scroll_layer_get_content_offset
                0x0000000000000000        0xc /usr/local/Cellar/pebble-sdk/3.2.1/Pebble/aplite/lib/libpebble.a(tmp5yxpeipebble.o)
 .text.scroll_layer_get_content_size
                0x0000000000000000        0xc /usr/local/Cellar/pebble-sdk/3.2.1/Pebble/aplite/lib/libpebble.a(tmp5yxpeipebble.o)
 .text.scroll_layer_get_layer
                0x0000000000000000        0xc /usr/local/Cellar/pebble-sdk/3.2.1/Pebble/aplite/lib/libpebble.a(tmp5yxpeipebble.o)
 .text.scroll_layer_get_shadow_hidden
                0x0000000000000000        0xc /usr/local/Cellar/pebble-sdk/3.2.1/Pebble/aplite/lib/libpebble.a(tmp5yxpeipebble.o)
 .text.scroll_layer_scroll_down_click_handler
                0x0000000000000000        0xc /usr/local/Cellar/pebble-sdk/3.2.1/Pebble/aplite/lib/libpebble.a(tmp5yxpeipebble.o)
 .text.scroll_layer_scroll_up_click_handler
                0x0000000000000000        0xc /usr/local/Cellar/pebble-sdk/3.2.1/Pebble/aplite/lib/libpebble.a(tmp5yxpeipebble.o)
 .text.scroll_layer_set_callbacks
                0x0000000000000000        0xc /usr/local/Cellar/pebble-sdk/3.2.1/Pebble/aplite/lib/libpebble.a(tmp5yxpeipebble.o)
 .text.scroll_layer_set_click_config_onto_window
                0x0000000000000000        0xc /usr/local/Cellar/pebble-sdk/3.2.1/Pebble/aplite/lib/libpebble.a(tmp5yxpeipebble.o)
 .text.scroll_layer_set_content_offset
                0x0000000000000000        0xc /usr/local/Cellar/pebble-sdk/3.2.1/Pebble/aplite/lib/libpebble.a(tmp5yxpeipebble.o)
 .text.scroll_layer_set_content_size
                0x0000000000000000        0xc /usr/local/Cellar/pebble-sdk/3.2.1/Pebble/aplite/lib/libpebble.a(tmp5yxpeipebble.o)
 .text.scroll_layer_set_context
                0x0000000000000000        0xc /usr/local/Cellar/pebble-sdk/3.2.1/Pebble/aplite/lib/libpebble.a(tmp5yxpeipebble.o)
 .text.scroll_layer_set_frame
                0x0000000000000000        0xc /usr/local/Cellar/pebble-sdk/3.2.1/Pebble/aplite/lib/libpebble.a(tmp5yxpeipebble.o)
 .text.scroll_layer_set_shadow_hidden
                0x0000000000000000        0xc /usr/local/Cellar/pebble-sdk/3.2.1/Pebble/aplite/lib/libpebble.a(tmp5yxpeipebble.o)
 .text.simple_menu_layer_create
                0x0000000000000000        0xc /usr/local/Cellar/pebble-sdk/3.2.1/Pebble/aplite/lib/libpebble.a(tmp5yxpeipebble.o)
 .text.simple_menu_layer_destroy
                0x0000000000000000        0xc /usr/local/Cellar/pebble-sdk/3.2.1/Pebble/aplite/lib/libpebble.a(tmp5yxpeipebble.o)
 .text.simple_menu_layer_get_layer
                0x0000000000000000        0xc /usr/local/Cellar/pebble-sdk/3.2.1/Pebble/aplite/lib/libpebble.a(tmp5yxpeipebble.o)
 .text.simple_menu_layer_get_selected_index
                0x0000000000000000        0xc /usr/local/Cellar/pebble-sdk/3.2.1/Pebble/aplite/lib/libpebble.a(tmp5yxpeipebble.o)
 .text.simple_menu_layer_set_selected_index
                0x0000000000000000        0xc /usr/local/Cellar/pebble-sdk/3.2.1/Pebble/aplite/lib/libpebble.a(tmp5yxpeipebble.o)
 .text.sin_lookup
                0x0000000000000000        0xc /usr/local/Cellar/pebble-sdk/3.2.1/Pebble/aplite/lib/libpebble.a(tmp5yxpeipebble.o)
 .text.srand    0x0000000000000000        0xc /usr/local/Cellar/pebble-sdk/3.2.1/Pebble/aplite/lib/libpebble.a(tmp5yxpeipebble.o)
 .text.strcat   0x0000000000000000        0xc /usr/local/Cellar/pebble-sdk/3.2.1/Pebble/aplite/lib/libpebble.a(tmp5yxpeipebble.o)
 .text.strcmp   0x0000000000000000        0xc /usr/local/Cellar/pebble-sdk/3.2.1/Pebble/aplite/lib/libpebble.a(tmp5yxpeipebble.o)
 .text.strcpy   0x0000000000000000        0xc /usr/local/Cellar/pebble-sdk/3.2.1/Pebble/aplite/lib/libpebble.a(tmp5yxpeipebble.o)
 .text.strlen   0x0000000000000000        0xc /usr/local/Cellar/pebble-sdk/3.2.1/Pebble/aplite/lib/libpebble.a(tmp5yxpeipebble.o)
 .text.strncat  0x0000000000000000        0xc /usr/local/Cellar/pebble-sdk/3.2.1/Pebble/aplite/lib/libpebble.a(tmp5yxpeipebble.o)
 .text.strncmp  0x0000000000000000        0xc /usr/local/Cellar/pebble-sdk/3.2.1/Pebble/aplite/lib/libpebble.a(tmp5yxpeipebble.o)
 .text.strncpy  0x0000000000000000        0xc /usr/local/Cellar/pebble-sdk/3.2.1/Pebble/aplite/lib/libpebble.a(tmp5yxpeipebble.o)
 .text.text_layer_get_content_size
                0x0000000000000000        0xc /usr/local/Cellar/pebble-sdk/3.2.1/Pebble/aplite/lib/libpebble.a(tmp5yxpeipebble.o)
 .text.text_layer_get_text
                0x0000000000000000        0xc /usr/local/Cellar/pebble-sdk/3.2.1/Pebble/aplite/lib/libpebble.a(tmp5yxpeipebble.o)
 .text.text_layer_set_overflow_mode
                0x0000000000000000        0xc /usr/local/Cellar/pebble-sdk/3.2.1/Pebble/aplite/lib/libpebble.a(tmp5yxpeipebble.o)
 .text.text_layer_set_size
                0x0000000000000000        0xc /usr/local/Cellar/pebble-sdk/3.2.1/Pebble/aplite/lib/libpebble.a(tmp5yxpeipebble.o)
 .text.time_ms  0x0000000000000000        0xc /usr/local/Cellar/pebble-sdk/3.2.1/Pebble/aplite/lib/libpebble.a(tmp5yxpeipebble.o)
 .text.vibes_cancel
                0x0000000000000000        0xc /usr/local/Cellar/pebble-sdk/3.2.1/Pebble/aplite/lib/libpebble.a(tmp5yxpeipebble.o)
 .text.vibes_double_pulse
                0x0000000000000000        0xc /usr/local/Cellar/pebble-sdk/3.2.1/Pebble/aplite/lib/libpebble.a(tmp5yxpeipebble.o)
 .text.vibes_enqueue_custom_pattern
                0x0000000000000000        0xc /usr/local/Cellar/pebble-sdk/3.2.1/Pebble/aplite/lib/libpebble.a(tmp5yxpeipebble.o)
 .text.vibes_long_pulse
                0x0000000000000000        0xc /usr/local/Cellar/pebble-sdk/3.2.1/Pebble/aplite/lib/libpebble.a(tmp5yxpeipebble.o)
 .text.vibes_short_pulse
                0x0000000000000000        0xc /usr/local/Cellar/pebble-sdk/3.2.1/Pebble/aplite/lib/libpebble.a(tmp5yxpeipebble.o)
 .text.window_get_click_config_provider
                0x0000000000000000        0xc /usr/local/Cellar/pebble-sdk/3.2.1/Pebble/aplite/lib/libpebble.a(tmp5yxpeipebble.o)
 .text.window_get_fullscreen
                0x0000000000000000        0xc /usr/local/Cellar/pebble-sdk/3.2.1/Pebble/aplite/lib/libpebble.a(tmp5yxpeipebble.o)
 .text.window_is_loaded
                0x0000000000000000        0xc /usr/local/Cellar/pebble-sdk/3.2.1/Pebble/aplite/lib/libpebble.a(tmp5yxpeipebble.o)
 .text.window_set_click_config_provider
                0x0000000000000000        0xc /usr/local/Cellar/pebble-sdk/3.2.1/Pebble/aplite/lib/libpebble.a(tmp5yxpeipebble.o)
 .text.window_set_click_config_provider_with_context
                0x0000000000000000        0xc /usr/local/Cellar/pebble-sdk/3.2.1/Pebble/aplite/lib/libpebble.a(tmp5yxpeipebble.o)
 .text.window_set_fullscreen
                0x0000000000000000        0xc /usr/local/Cellar/pebble-sdk/3.2.1/Pebble/aplite/lib/libpebble.a(tmp5yxpeipebble.o)
 .text.window_set_status_bar_icon
                0x0000000000000000        0xc /usr/local/Cellar/pebble-sdk/3.2.1/Pebble/aplite/lib/libpebble.a(tmp5yxpeipebble.o)
 .text.window_stack_contains_window
                0x0000000000000000        0xc /usr/local/Cellar/pebble-sdk/3.2.1/Pebble/aplite/lib/libpebble.a(tmp5yxpeipebble.o)
 .text.window_stack_get_top_window
                0x0000000000000000        0xc /usr/local/Cellar/pebble-sdk/3.2.1/Pebble/aplite/lib/libpebble.a(tmp5yxpeipebble.o)
 .text.window_stack_pop
                0x0000000000000000        0xc /usr/local/Cellar/pebble-sdk/3.2.1/Pebble/aplite/lib/libpebble.a(tmp5yxpeipebble.o)
 .text.window_stack_pop_all
                0x0000000000000000        0xc /usr/local/Cellar/pebble-sdk/3.2.1/Pebble/aplite/lib/libpebble.a(tmp5yxpeipebble.o)
 .text.window_stack_remove
                0x0000000000000000        0xc /usr/local/Cellar/pebble-sdk/3.2.1/Pebble/aplite/lib/libpebble.a(tmp5yxpeipebble.o)
 .text.app_focus_service_subscribe
                0x0000000000000000        0xc /usr/local/Cellar/pebble-sdk/3.2.1/Pebble/aplite/lib/libpebble.a(tmp5yxpeipebble.o)
 .text.app_focus_service_unsubscribe
                0x0000000000000000        0xc /usr/local/Cellar/pebble-sdk/3.2.1/Pebble/aplite/lib/libpebble.a(tmp5yxpeipebble.o)
 .text.window_get_user_data
                0x0000000000000000        0xc /usr/local/Cellar/pebble-sdk/3.2.1/Pebble/aplite/lib/libpebble.a(tmp5yxpeipebble.o)
 .text.window_set_user_data
                0x0000000000000000        0xc /usr/local/Cellar/pebble-sdk/3.2.1/Pebble/aplite/lib/libpebble.a(tmp5yxpeipebble.o)
 .text.app_message_get_context
                0x0000000000000000        0xc /usr/local/Cellar/pebble-sdk/3.2.1/Pebble/aplite/lib/libpebble.a(tmp5yxpeipebble.o)
 .text.app_message_outbox_begin
                0x0000000000000000        0xc /usr/local/Cellar/pebble-sdk/3.2.1/Pebble/aplite/lib/libpebble.a(tmp5yxpeipebble.o)
 .text.app_message_outbox_send
                0x0000000000000000        0xc /usr/local/Cellar/pebble-sdk/3.2.1/Pebble/aplite/lib/libpebble.a(tmp5yxpeipebble.o)
 .text.app_message_register_inbox_dropped
                0x0000000000000000        0xc /usr/local/Cellar/pebble-sdk/3.2.1/Pebble/aplite/lib/libpebble.a(tmp5yxpeipebble.o)
 .text.app_message_register_outbox_failed
                0x0000000000000000        0xc /usr/local/Cellar/pebble-sdk/3.2.1/Pebble/aplite/lib/libpebble.a(tmp5yxpeipebble.o)
 .text.app_message_register_outbox_sent
                0x0000000000000000        0xc /usr/local/Cellar/pebble-sdk/3.2.1/Pebble/aplite/lib/libpebble.a(tmp5yxpeipebble.o)
 .text.app_message_set_context
                0x0000000000000000        0xc /usr/local/Cellar/pebble-sdk/3.2.1/Pebble/aplite/lib/libpebble.a(tmp5yxpeipebble.o)
 .text.window_long_click_subscribe
                0x0000000000000000        0xc /usr/local/Cellar/pebble-sdk/3.2.1/Pebble/aplite/lib/libpebble.a(tmp5yxpeipebble.o)
 .text.window_multi_click_subscribe
                0x0000000000000000        0xc /usr/local/Cellar/pebble-sdk/3.2.1/Pebble/aplite/lib/libpebble.a(tmp5yxpeipebble.o)
 .text.window_raw_click_subscribe
                0x0000000000000000        0xc /usr/local/Cellar/pebble-sdk/3.2.1/Pebble/aplite/lib/libpebble.a(tmp5yxpeipebble.o)
 .text.window_set_click_context
                0x0000000000000000        0xc /usr/local/Cellar/pebble-sdk/3.2.1/Pebble/aplite/lib/libpebble.a(tmp5yxpeipebble.o)
 .text.window_single_click_subscribe
                0x0000000000000000        0xc /usr/local/Cellar/pebble-sdk/3.2.1/Pebble/aplite/lib/libpebble.a(tmp5yxpeipebble.o)
 .text.window_single_repeating_click_subscribe
                0x0000000000000000        0xc /usr/local/Cellar/pebble-sdk/3.2.1/Pebble/aplite/lib/libpebble.a(tmp5yxpeipebble.o)
 .text.graphics_draw_text
                0x0000000000000000        0xc /usr/local/Cellar/pebble-sdk/3.2.1/Pebble/aplite/lib/libpebble.a(tmp5yxpeipebble.o)
 .text.dict_serialize_tuplets_to_buffer
                0x0000000000000000        0xc /usr/local/Cellar/pebble-sdk/3.2.1/Pebble/aplite/lib/libpebble.a(tmp5yxpeipebble.o)
 .text.persist_read_data
                0x0000000000000000        0xc /usr/local/Cellar/pebble-sdk/3.2.1/Pebble/aplite/lib/libpebble.a(tmp5yxpeipebble.o)
 .text.persist_read_string
                0x0000000000000000        0xc /usr/local/Cellar/pebble-sdk/3.2.1/Pebble/aplite/lib/libpebble.a(tmp5yxpeipebble.o)
 .text.persist_write_data
                0x0000000000000000        0xc /usr/local/Cellar/pebble-sdk/3.2.1/Pebble/aplite/lib/libpebble.a(tmp5yxpeipebble.o)
 .text.dict_size
                0x0000000000000000        0xc /usr/local/Cellar/pebble-sdk/3.2.1/Pebble/aplite/lib/libpebble.a(tmp5yxpeipebble.o)
 .text.graphics_text_layout_get_content_size
                0x0000000000000000        0xc /usr/local/Cellar/pebble-sdk/3.2.1/Pebble/aplite/lib/libpebble.a(tmp5yxpeipebble.o)
 .text.simple_menu_layer_get_menu_layer
                0x0000000000000000        0xc /usr/local/Cellar/pebble-sdk/3.2.1/Pebble/aplite/lib/libpebble.a(tmp5yxpeipebble.o)
 .text.accel_data_service_subscribe
                0x0000000000000000        0xc /usr/local/Cellar/pebble-sdk/3.2.1/Pebble/aplite/lib/libpebble.a(tmp5yxpeipebble.o)
 .text.calloc   0x0000000000000000        0xc /usr/local/Cellar/pebble-sdk/3.2.1/Pebble/aplite/lib/libpebble.a(tmp5yxpeipebble.o)
 .text.bitmap_layer_get_bitmap
                0x0000000000000000        0xc /usr/local/Cellar/pebble-sdk/3.2.1/Pebble/aplite/lib/libpebble.a(tmp5yxpeipebble.o)
 .text.menu_layer_set_callbacks
                0x0000000000000000        0xc /usr/local/Cellar/pebble-sdk/3.2.1/Pebble/aplite/lib/libpebble.a(tmp5yxpeipebble.o)
 .text.window_get_click_config_context
                0x0000000000000000        0xc /usr/local/Cellar/pebble-sdk/3.2.1/Pebble/aplite/lib/libpebble.a(tmp5yxpeipebble.o)
 .text.number_window_get_window
                0x0000000000000000        0xc /usr/local/Cellar/pebble-sdk/3.2.1/Pebble/aplite/lib/libpebble.a(tmp5yxpeipebble.o)
 .text.realloc  0x0000000000000000        0xc /usr/local/Cellar/pebble-sdk/3.2.1/Pebble/aplite/lib/libpebble.a(tmp5yxpeipebble.o)
 .text.__gbitmap_create_blank
                0x0000000000000000        0xc /usr/local/Cellar/pebble-sdk/3.2.1/Pebble/aplite/lib/libpebble.a(tmp5yxpeipebble.o)
 .text.click_recognizer_is_repeating
                0x0000000000000000        0xc /usr/local/Cellar/pebble-sdk/3.2.1/Pebble/aplite/lib/libpebble.a(tmp5yxpeipebble.o)
 .text.accel_raw_data_service_subscribe
                0x0000000000000000        0xc /usr/local/Cellar/pebble-sdk/3.2.1/Pebble/aplite/lib/libpebble.a(tmp5yxpeipebble.o)
 .text.app_worker_is_running
                0x0000000000000000        0xc /usr/local/Cellar/pebble-sdk/3.2.1/Pebble/aplite/lib/libpebble.a(tmp5yxpeipebble.o)
 .text.app_worker_kill
                0x0000000000000000        0xc /usr/local/Cellar/pebble-sdk/3.2.1/Pebble/aplite/lib/libpebble.a(tmp5yxpeipebble.o)
 .text.app_worker_launch
                0x0000000000000000        0xc /usr/local/Cellar/pebble-sdk/3.2.1/Pebble/aplite/lib/libpebble.a(tmp5yxpeipebble.o)
 .text.app_worker_message_subscribe
                0x0000000000000000        0xc /usr/local/Cellar/pebble-sdk/3.2.1/Pebble/aplite/lib/libpebble.a(tmp5yxpeipebble.o)
 .text.app_worker_message_unsubscribe
                0x0000000000000000        0xc /usr/local/Cellar/pebble-sdk/3.2.1/Pebble/aplite/lib/libpebble.a(tmp5yxpeipebble.o)
 .text.app_worker_send_message
                0x0000000000000000        0xc /usr/local/Cellar/pebble-sdk/3.2.1/Pebble/aplite/lib/libpebble.a(tmp5yxpeipebble.o)
 .text.worker_event_loop
                0x0000000000000000        0xc /usr/local/Cellar/pebble-sdk/3.2.1/Pebble/aplite/lib/libpebble.a(tmp5yxpeipebble.o)
 .text.worker_launch_app
                0x0000000000000000        0xc /usr/local/Cellar/pebble-sdk/3.2.1/Pebble/aplite/lib/libpebble.a(tmp5yxpeipebble.o)
 .text.heap_bytes_free
                0x0000000000000000        0xc /usr/local/Cellar/pebble-sdk/3.2.1/Pebble/aplite/lib/libpebble.a(tmp5yxpeipebble.o)
 .text.heap_bytes_used
                0x0000000000000000        0xc /usr/local/Cellar/pebble-sdk/3.2.1/Pebble/aplite/lib/libpebble.a(tmp5yxpeipebble.o)
 .text.compass_service_peek
                0x0000000000000000        0xc /usr/local/Cellar/pebble-sdk/3.2.1/Pebble/aplite/lib/libpebble.a(tmp5yxpeipebble.o)
 .text.compass_service_set_heading_filter
                0x0000000000000000        0xc /usr/local/Cellar/pebble-sdk/3.2.1/Pebble/aplite/lib/libpebble.a(tmp5yxpeipebble.o)
 .text.compass_service_subscribe
                0x0000000000000000        0xc /usr/local/Cellar/pebble-sdk/3.2.1/Pebble/aplite/lib/libpebble.a(tmp5yxpeipebble.o)
 .text.compass_service_unsubscribe
                0x0000000000000000        0xc /usr/local/Cellar/pebble-sdk/3.2.1/Pebble/aplite/lib/libpebble.a(tmp5yxpeipebble.o)
 .text.uuid_equal
                0x0000000000000000        0xc /usr/local/Cellar/pebble-sdk/3.2.1/Pebble/aplite/lib/libpebble.a(tmp5yxpeipebble.o)
 .text.uuid_to_string
                0x0000000000000000        0xc /usr/local/Cellar/pebble-sdk/3.2.1/Pebble/aplite/lib/libpebble.a(tmp5yxpeipebble.o)
 .text.gpath_draw_filled
                0x0000000000000000        0xc /usr/local/Cellar/pebble-sdk/3.2.1/Pebble/aplite/lib/libpebble.a(tmp5yxpeipebble.o)
 .text.animation_set_custom_curve
                0x0000000000000000        0xc /usr/local/Cellar/pebble-sdk/3.2.1/Pebble/aplite/lib/libpebble.a(tmp5yxpeipebble.o)
 .text.watch_info_get_color
                0x0000000000000000        0xc /usr/local/Cellar/pebble-sdk/3.2.1/Pebble/aplite/lib/libpebble.a(tmp5yxpeipebble.o)
 .text.watch_info_get_firmware_version
                0x0000000000000000        0xc /usr/local/Cellar/pebble-sdk/3.2.1/Pebble/aplite/lib/libpebble.a(tmp5yxpeipebble.o)
 .text.watch_info_get_model
                0x0000000000000000        0xc /usr/local/Cellar/pebble-sdk/3.2.1/Pebble/aplite/lib/libpebble.a(tmp5yxpeipebble.o)
 .text.graphics_capture_frame_buffer
                0x0000000000000000        0xc /usr/local/Cellar/pebble-sdk/3.2.1/Pebble/aplite/lib/libpebble.a(tmp5yxpeipebble.o)
 .text.graphics_frame_buffer_is_captured
                0x0000000000000000        0xc /usr/local/Cellar/pebble-sdk/3.2.1/Pebble/aplite/lib/libpebble.a(tmp5yxpeipebble.o)
 .text.graphics_release_frame_buffer
                0x0000000000000000        0xc /usr/local/Cellar/pebble-sdk/3.2.1/Pebble/aplite/lib/libpebble.a(tmp5yxpeipebble.o)
 .text.clock_to_timestamp
                0x0000000000000000        0xc /usr/local/Cellar/pebble-sdk/3.2.1/Pebble/aplite/lib/libpebble.a(tmp5yxpeipebble.o)
 .text.launch_reason
                0x0000000000000000        0xc /usr/local/Cellar/pebble-sdk/3.2.1/Pebble/aplite/lib/libpebble.a(tmp5yxpeipebble.o)
 .text.wakeup_cancel
                0x0000000000000000        0xc /usr/local/Cellar/pebble-sdk/3.2.1/Pebble/aplite/lib/libpebble.a(tmp5yxpeipebble.o)
 .text.wakeup_cancel_all
                0x0000000000000000        0xc /usr/local/Cellar/pebble-sdk/3.2.1/Pebble/aplite/lib/libpebble.a(tmp5yxpeipebble.o)
 .text.wakeup_get_launch_event
                0x0000000000000000        0xc /usr/local/Cellar/pebble-sdk/3.2.1/Pebble/aplite/lib/libpebble.a(tmp5yxpeipebble.o)
 .text.wakeup_query
                0x0000000000000000        0xc /usr/local/Cellar/pebble-sdk/3.2.1/Pebble/aplite/lib/libpebble.a(tmp5yxpeipebble.o)
 .text.wakeup_schedule
                0x0000000000000000        0xc /usr/local/Cellar/pebble-sdk/3.2.1/Pebble/aplite/lib/libpebble.a(tmp5yxpeipebble.o)
 .text.wakeup_service_subscribe
                0x0000000000000000        0xc /usr/local/Cellar/pebble-sdk/3.2.1/Pebble/aplite/lib/libpebble.a(tmp5yxpeipebble.o)
 .text.clock_is_timezone_set
                0x0000000000000000        0xc /usr/local/Cellar/pebble-sdk/3.2.1/Pebble/aplite/lib/libpebble.a(tmp5yxpeipebble.o)
 .text.i18n_get_system_locale
                0x0000000000000000        0xc /usr/local/Cellar/pebble-sdk/3.2.1/Pebble/aplite/lib/libpebble.a(tmp5yxpeipebble.o)
 .text._localeconv_r
                0x0000000000000000        0xc /usr/local/Cellar/pebble-sdk/3.2.1/Pebble/aplite/lib/libpebble.a(tmp5yxpeipebble.o)
 .text.setlocale
                0x0000000000000000        0xc /usr/local/Cellar/pebble-sdk/3.2.1/Pebble/aplite/lib/libpebble.a(tmp5yxpeipebble.o)
 .text.mktime   0x0000000000000000        0xc /usr/local/Cellar/pebble-sdk/3.2.1/Pebble/aplite/lib/libpebble.a(tmp5yxpeipebble.o)
 .text          0x0000000000000000        0x0 /usr/local/Cellar/pebble-toolchain/2.0/arm-cs-tools/bin/../lib/gcc/arm-none-eabi/4.7.2/thumb2/crtend.o
 .bss           0x0000000000000000        0x0 /usr/local/Cellar/pebble-toolchain/2.0/arm-cs-tools/bin/../lib/gcc/arm-none-eabi/4.7.2/thumb2/crtend.o
 .eh_frame      0x0000000000000000        0x4 /usr/local/Cellar/pebble-toolchain/2.0/arm-cs-tools/bin/../lib/gcc/arm-none-eabi/4.7.2/thumb2/crtend.o
 .jcr           0x0000000000000000        0x4 /usr/local/Cellar/pebble-toolchain/2.0/arm-cs-tools/bin/../lib/gcc/arm-none-eabi/4.7.2/thumb2/crtend.o
 .tm_clone_table
                0x0000000000000000        0x0 /usr/local/Cellar/pebble-toolchain/2.0/arm-cs-tools/bin/../lib/gcc/arm-none-eabi/4.7.2/thumb2/crtend.o
 .text          0x0000000000000000        0x0 /usr/local/Cellar/pebble-toolchain/2.0/arm-cs-tools/bin/../lib/gcc/arm-none-eabi/4.7.2/thumb2/crtn.o
 .bss           0x0000000000000000        0x0 /usr/local/Cellar/pebble-toolchain/2.0/arm-cs-tools/bin/../lib/gcc/arm-none-eabi/4.7.2/thumb2/crtn.o
 .init          0x0000000000000000        0x8 /usr/local/Cellar/pebble-toolchain/2.0/arm-cs-tools/bin/../lib/gcc/arm-none-eabi/4.7.2/thumb2/crtn.o
 .fini          0x0000000000000000        0x8 /usr/local/Cellar/pebble-toolchain/2.0/arm-cs-tools/bin/../lib/gcc/arm-none-eabi/4.7.2/thumb2/crtn.o

Memory Configuration

Name             Origin             Length             Attributes
APP              0x0000000000000000 0x0000000000006000 xrw
*default*        0x0000000000000000 0xffffffffffffffff

Linker script and memory map

LOAD /usr/local/Cellar/pebble-toolchain/2.0/arm-cs-tools/bin/../lib/gcc/arm-none-eabi/4.7.2/thumb2/crti.o
LOAD /usr/local/Cellar/pebble-toolchain/2.0/arm-cs-tools/bin/../lib/gcc/arm-none-eabi/4.7.2/thumb2/crtbegin.o
LOAD src/square.c.27.o
LOAD aplite/appinfo.auto.c.27.o
LOAD /usr/local/Cellar/pebble-sdk/3.2.1/Pebble/aplite/lib/libpebble.a
START GROUP
LOAD /usr/local/Cellar/pebble-toolchain/2.0/arm-cs-tools/bin/../lib/gcc/arm-none-eabi/4.7.2/thumb2/libgcc.a
LOAD /usr/local/Cellar/pebble-toolchain/2.0/arm-cs-tools/bin/../lib/gcc/arm-none-eabi/4.7.2/../../../../arm-none-eabi/lib/thumb2/libc.a
END GROUP
LOAD /usr/local/Cellar/pebble-toolchain/2.0/arm-cs-tools/bin/../lib/gcc/arm-none-eabi/4.7.2/thumb2/crtend.o
LOAD /usr/local/Cellar/pebble-toolchain/2.0/arm-cs-tools/bin/../lib/gcc/arm-none-eabi/4.7.2/thumb2/crtn.o

.header         0x0000000000000000       0x82
 *(.pbl_header)
 .pbl_header    0x0000000000000000       0x82 aplite/appinfo.auto.c.27.o
                0x0000000000000000                __pbl_app_info

.note.gnu.build-id
                0x0000000000000082       0x26
                0x0000000000000082                PROVIDE (BUILD_ID, .)
 *(.note.gnu.build-id)
 *fill*         0x0000000000000082        0x2 
 .note.gnu.build-id
                0x0000000000000084       0x24 linker stubs

.text           0x00000000000000a8      0xff9
 *(.text)
 .text          0x00000000000000a8       0x14 /usr/local/Cellar/pebble-sdk/3.2.1/Pebble/aplite/lib/libpebble.a(tmp5yxpeipebble.o)
 *(.text.*)
 .text.update_time
                0x00000000000000bc       0x8c src/square.c.27.o
 .text.tick_handler
                0x0000000000000148        0x4 src/square.c.27.o
 .text.main_window_unload
                0x000000000000014c       0xcc src/square.c.27.o
 .text.batt_layer_draw
                0x0000000000000218       0x80 src/square.c.27.o
 .text.on_animation_stopped
                0x0000000000000298        0x4 src/square.c.27.o
                0x0000000000000298                on_animation_stopped
 .text.set_background_and_text_color.isra.0
                0x000000000000029c       0x38 src/square.c.27.o
 .text.update_layers
                0x00000000000002d4       0x5c src/square.c.27.o
 .text.inbox_received_handler
                0x0000000000000330      0x280 src/square.c.27.o
 .text.main_window_load
                0x00000000000005b0      0x4c8 src/square.c.27.o
 .text.battery_handler
                0x0000000000000a78       0x54 src/square.c.27.o
 .text.animate_layer
                0x0000000000000acc       0x40 src/square.c.27.o
                0x0000000000000acc                animate_layer
 .text.tap_handler
                0x0000000000000b0c       0xe4 src/square.c.27.o
 .text.startup.main
                0x0000000000000bf0       0xec src/square.c.27.o
                0x0000000000000bf0                main
 .text.accel_tap_service_subscribe
                0x0000000000000cdc        0xc /usr/local/Cellar/pebble-sdk/3.2.1/Pebble/aplite/lib/libpebble.a(tmp5yxpeipebble.o)
                0x0000000000000cdc                accel_tap_service_subscribe
 .text.animation_schedule
                0x0000000000000ce8        0xc /usr/local/Cellar/pebble-sdk/3.2.1/Pebble/aplite/lib/libpebble.a(tmp5yxpeipebble.o)
                0x0000000000000ce8                animation_schedule
 .text.animation_set_delay
                0x0000000000000cf4        0xc /usr/local/Cellar/pebble-sdk/3.2.1/Pebble/aplite/lib/libpebble.a(tmp5yxpeipebble.o)
                0x0000000000000cf4                animation_set_delay
 .text.animation_set_duration
                0x0000000000000d00        0xc /usr/local/Cellar/pebble-sdk/3.2.1/Pebble/aplite/lib/libpebble.a(tmp5yxpeipebble.o)
                0x0000000000000d00                animation_set_duration
 .text.animation_set_handlers
                0x0000000000000d0c        0xc /usr/local/Cellar/pebble-sdk/3.2.1/Pebble/aplite/lib/libpebble.a(tmp5yxpeipebble.o)
                0x0000000000000d0c                animation_set_handlers
 .text.app_event_loop
                0x0000000000000d18        0xc /usr/local/Cellar/pebble-sdk/3.2.1/Pebble/aplite/lib/libpebble.a(tmp5yxpeipebble.o)
                0x0000000000000d18                app_event_loop
 .text.app_log  0x0000000000000d24        0xc /usr/local/Cellar/pebble-sdk/3.2.1/Pebble/aplite/lib/libpebble.a(tmp5yxpeipebble.o)
                0x0000000000000d24                app_log
 .text.app_message_open
                0x0000000000000d30        0xc /usr/local/Cellar/pebble-sdk/3.2.1/Pebble/aplite/lib/libpebble.a(tmp5yxpeipebble.o)
                0x0000000000000d30                app_message_open
 .text.battery_state_service_peek
                0x0000000000000d3c        0xc /usr/local/Cellar/pebble-sdk/3.2.1/Pebble/aplite/lib/libpebble.a(tmp5yxpeipebble.o)
                0x0000000000000d3c                battery_state_service_peek
 .text.battery_state_service_subscribe
                0x0000000000000d48        0xc /usr/local/Cellar/pebble-sdk/3.2.1/Pebble/aplite/lib/libpebble.a(tmp5yxpeipebble.o)
                0x0000000000000d48                battery_state_service_subscribe
 .text.battery_state_service_unsubscribe
                0x0000000000000d54        0xc /usr/local/Cellar/pebble-sdk/3.2.1/Pebble/aplite/lib/libpebble.a(tmp5yxpeipebble.o)
                0x0000000000000d54                battery_state_service_unsubscribe
 .text.clock_is_24h_style
                0x0000000000000d60        0xc /usr/local/Cellar/pebble-sdk/3.2.1/Pebble/aplite/lib/libpebble.a(tmp5yxpeipebble.o)
                0x0000000000000d60                clock_is_24h_style
 .text.dict_find
                0x0000000000000d6c        0xc /usr/local/Cellar/pebble-sdk/3.2.1/Pebble/aplite/lib/libpebble.a(tmp5yxpeipebble.o)
                0x0000000000000d6c                dict_find
 .text.fonts_load_custom_font
                0x0000000000000d78        0xc /usr/local/Cellar/pebble-sdk/3.2.1/Pebble/aplite/lib/libpebble.a(tmp5yxpeipebble.o)
                0x0000000000000d78                fonts_load_custom_font
 .text.fonts_unload_custom_font
                0x0000000000000d84        0xc /usr/local/Cellar/pebble-sdk/3.2.1/Pebble/aplite/lib/libpebble.a(tmp5yxpeipebble.o)
                0x0000000000000d84                fonts_unload_custom_font
 .text.graphics_context_set_fill_color
                0x0000000000000d90        0xc /usr/local/Cellar/pebble-sdk/3.2.1/Pebble/aplite/lib/libpebble.a(tmp5yxpeipebble.o)
                0x0000000000000d90                graphics_context_set_fill_color
 .text.graphics_fill_rect
                0x0000000000000d9c        0xc /usr/local/Cellar/pebble-sdk/3.2.1/Pebble/aplite/lib/libpebble.a(tmp5yxpeipebble.o)
                0x0000000000000d9c                graphics_fill_rect
 .text.layer_add_child
                0x0000000000000da8        0xc /usr/local/Cellar/pebble-sdk/3.2.1/Pebble/aplite/lib/libpebble.a(tmp5yxpeipebble.o)
                0x0000000000000da8                layer_add_child
 .text.layer_create
                0x0000000000000db4        0xc /usr/local/Cellar/pebble-sdk/3.2.1/Pebble/aplite/lib/libpebble.a(tmp5yxpeipebble.o)
                0x0000000000000db4                layer_create
 .text.layer_destroy
                0x0000000000000dc0        0xc /usr/local/Cellar/pebble-sdk/3.2.1/Pebble/aplite/lib/libpebble.a(tmp5yxpeipebble.o)
                0x0000000000000dc0                layer_destroy
 .text.layer_mark_dirty
                0x0000000000000dcc        0xc /usr/local/Cellar/pebble-sdk/3.2.1/Pebble/aplite/lib/libpebble.a(tmp5yxpeipebble.o)
                0x0000000000000dcc                layer_mark_dirty
 .text.layer_set_hidden
                0x0000000000000dd8        0xc /usr/local/Cellar/pebble-sdk/3.2.1/Pebble/aplite/lib/libpebble.a(tmp5yxpeipebble.o)
                0x0000000000000dd8                layer_set_hidden
 .text.layer_set_update_proc
                0x0000000000000de4        0xc /usr/local/Cellar/pebble-sdk/3.2.1/Pebble/aplite/lib/libpebble.a(tmp5yxpeipebble.o)
                0x0000000000000de4                layer_set_update_proc
 .text.localtime
                0x0000000000000df0        0xc /usr/local/Cellar/pebble-sdk/3.2.1/Pebble/aplite/lib/libpebble.a(tmp5yxpeipebble.o)
                0x0000000000000df0                localtime
 .text.memset   0x0000000000000dfc        0xc /usr/local/Cellar/pebble-sdk/3.2.1/Pebble/aplite/lib/libpebble.a(tmp5yxpeipebble.o)
                0x0000000000000dfc                memset
 .text.persist_exists
                0x0000000000000e08        0xc /usr/local/Cellar/pebble-sdk/3.2.1/Pebble/aplite/lib/libpebble.a(tmp5yxpeipebble.o)
                0x0000000000000e08                persist_exists
 .text.persist_read_int
                0x0000000000000e14        0xc /usr/local/Cellar/pebble-sdk/3.2.1/Pebble/aplite/lib/libpebble.a(tmp5yxpeipebble.o)
                0x0000000000000e14                persist_read_int
 .text.persist_write_int
                0x0000000000000e20        0xc /usr/local/Cellar/pebble-sdk/3.2.1/Pebble/aplite/lib/libpebble.a(tmp5yxpeipebble.o)
                0x0000000000000e20                persist_write_int
 .text.property_animation_create_layer_frame
                0x0000000000000e2c        0xc /usr/local/Cellar/pebble-sdk/3.2.1/Pebble/aplite/lib/libpebble.a(tmp5yxpeipebble.o)
                0x0000000000000e2c                property_animation_create_layer_frame
 .text.property_animation_destroy
                0x0000000000000e38        0xc /usr/local/Cellar/pebble-sdk/3.2.1/Pebble/aplite/lib/libpebble.a(tmp5yxpeipebble.o)
                0x0000000000000e38                property_animation_destroy
 .text.resource_get_handle
                0x0000000000000e44        0xc /usr/local/Cellar/pebble-sdk/3.2.1/Pebble/aplite/lib/libpebble.a(tmp5yxpeipebble.o)
                0x0000000000000e44                resource_get_handle
 .text.snprintf
                0x0000000000000e50        0xc /usr/local/Cellar/pebble-sdk/3.2.1/Pebble/aplite/lib/libpebble.a(tmp5yxpeipebble.o)
                0x0000000000000e50                snprintf
 .text.strftime
                0x0000000000000e5c        0xc /usr/local/Cellar/pebble-sdk/3.2.1/Pebble/aplite/lib/libpebble.a(tmp5yxpeipebble.o)
                0x0000000000000e5c                strftime
 .text.text_layer_create
                0x0000000000000e68        0xc /usr/local/Cellar/pebble-sdk/3.2.1/Pebble/aplite/lib/libpebble.a(tmp5yxpeipebble.o)
                0x0000000000000e68                text_layer_create
 .text.text_layer_destroy
                0x0000000000000e74        0xc /usr/local/Cellar/pebble-sdk/3.2.1/Pebble/aplite/lib/libpebble.a(tmp5yxpeipebble.o)
                0x0000000000000e74                text_layer_destroy
 .text.text_layer_get_layer
                0x0000000000000e80        0xc /usr/local/Cellar/pebble-sdk/3.2.1/Pebble/aplite/lib/libpebble.a(tmp5yxpeipebble.o)
                0x0000000000000e80                text_layer_get_layer
 .text.text_layer_set_background_color
                0x0000000000000e8c        0xc /usr/local/Cellar/pebble-sdk/3.2.1/Pebble/aplite/lib/libpebble.a(tmp5yxpeipebble.o)
                0x0000000000000e8c                text_layer_set_background_color
 .text.text_layer_set_font
                0x0000000000000e98        0xc /usr/local/Cellar/pebble-sdk/3.2.1/Pebble/aplite/lib/libpebble.a(tmp5yxpeipebble.o)
                0x0000000000000e98                text_layer_set_font
 .text.text_layer_set_text
                0x0000000000000ea4        0xc /usr/local/Cellar/pebble-sdk/3.2.1/Pebble/aplite/lib/libpebble.a(tmp5yxpeipebble.o)
                0x0000000000000ea4                text_layer_set_text
 .text.text_layer_set_text_alignment
                0x0000000000000eb0        0xc /usr/local/Cellar/pebble-sdk/3.2.1/Pebble/aplite/lib/libpebble.a(tmp5yxpeipebble.o)
                0x0000000000000eb0                text_layer_set_text_alignment
 .text.text_layer_set_text_color
                0x0000000000000ebc        0xc /usr/local/Cellar/pebble-sdk/3.2.1/Pebble/aplite/lib/libpebble.a(tmp5yxpeipebble.o)
                0x0000000000000ebc                text_layer_set_text_color
 .text.tick_timer_service_subscribe
                0x0000000000000ec8        0xc /usr/local/Cellar/pebble-sdk/3.2.1/Pebble/aplite/lib/libpebble.a(tmp5yxpeipebble.o)
                0x0000000000000ec8                tick_timer_service_subscribe
 .text.tick_timer_service_unsubscribe
                0x0000000000000ed4        0xc /usr/local/Cellar/pebble-sdk/3.2.1/Pebble/aplite/lib/libpebble.a(tmp5yxpeipebble.o)
                0x0000000000000ed4                tick_timer_service_unsubscribe
 .text.time     0x0000000000000ee0        0xc /usr/local/Cellar/pebble-sdk/3.2.1/Pebble/aplite/lib/libpebble.a(tmp5yxpeipebble.o)
                0x0000000000000ee0                time
 .text.window_create
                0x0000000000000eec        0xc /usr/local/Cellar/pebble-sdk/3.2.1/Pebble/aplite/lib/libpebble.a(tmp5yxpeipebble.o)
                0x0000000000000eec                window_create
 .text.window_destroy
                0x0000000000000ef8        0xc /usr/local/Cellar/pebble-sdk/3.2.1/Pebble/aplite/lib/libpebble.a(tmp5yxpeipebble.o)
                0x0000000000000ef8                window_destroy
 .text.window_get_root_layer
                0x0000000000000f04        0xc /usr/local/Cellar/pebble-sdk/3.2.1/Pebble/aplite/lib/libpebble.a(tmp5yxpeipebble.o)
                0x0000000000000f04                window_get_root_layer
 .text.window_set_background_color
                0x0000000000000f10        0xc /usr/local/Cellar/pebble-sdk/3.2.1/Pebble/aplite/lib/libpebble.a(tmp5yxpeipebble.o)
                0x0000000000000f10                window_set_background_color
 .text.window_set_window_handlers
                0x0000000000000f1c        0xc /usr/local/Cellar/pebble-sdk/3.2.1/Pebble/aplite/lib/libpebble.a(tmp5yxpeipebble.o)
                0x0000000000000f1c                window_set_window_handlers
 .text.window_stack_push
                0x0000000000000f28        0xc /usr/local/Cellar/pebble-sdk/3.2.1/Pebble/aplite/lib/libpebble.a(tmp5yxpeipebble.o)
                0x0000000000000f28                window_stack_push
 .text.app_message_inbox_size_maximum
                0x0000000000000f34        0xc /usr/local/Cellar/pebble-sdk/3.2.1/Pebble/aplite/lib/libpebble.a(tmp5yxpeipebble.o)
                0x0000000000000f34                app_message_inbox_size_maximum
 .text.app_message_outbox_size_maximum
                0x0000000000000f40        0xc /usr/local/Cellar/pebble-sdk/3.2.1/Pebble/aplite/lib/libpebble.a(tmp5yxpeipebble.o)
                0x0000000000000f40                app_message_outbox_size_maximum
 .text.app_message_register_inbox_received
                0x0000000000000f4c        0xc /usr/local/Cellar/pebble-sdk/3.2.1/Pebble/aplite/lib/libpebble.a(tmp5yxpeipebble.o)
                0x0000000000000f4c                app_message_register_inbox_received
 *(.rodata)
 .rodata        0x0000000000000f58       0x40 src/square.c.27.o
 *(.rodata*)
 .rodata.str1.1
                0x0000000000000f98      0x109 src/square.c.27.o

.glue_7         0x00000000000010a4        0x0
 .glue_7        0x0000000000000000        0x0 linker stubs

.glue_7t        0x00000000000010a4        0x0
 .glue_7t       0x0000000000000000        0x0 linker stubs

.vfp11_veneer   0x00000000000010a4        0x0
 .vfp11_veneer  0x0000000000000000        0x0 linker stubs

.v4_bx          0x00000000000010a4        0x0
 .v4_bx         0x0000000000000000        0x0 linker stubs

.iplt           0x00000000000010a4        0x0
 .iplt          0x0000000000000000        0x0 /usr/local/Cellar/pebble-toolchain/2.0/arm-cs-tools/bin/../lib/gcc/arm-none-eabi/4.7.2/thumb2/crtbegin.o

.rel.dyn        0x00000000000010a4        0x0
 .rel.iplt      0x0000000000000000        0x0 /usr/local/Cellar/pebble-toolchain/2.0/arm-cs-tools/bin/../lib/gcc/arm-none-eabi/4.7.2/thumb2/crtbegin.o

.data           0x00000000000010a4       0x16
 *(.data)
 .data          0x00000000000010a4        0x0 /usr/local/Cellar/pebble-toolchain/2.0/arm-cs-tools/bin/../lib/gcc/arm-none-eabi/4.7.2/thumb2/crti.o
 .data          0x00000000000010a4        0x4 /usr/local/Cellar/pebble-toolchain/2.0/arm-cs-tools/bin/../lib/gcc/arm-none-eabi/4.7.2/thumb2/crtbegin.o
                0x00000000000010a4                __dso_handle
 .data          0x00000000000010a8        0x0 src/square.c.27.o
 .data          0x00000000000010a8        0x0 aplite/appinfo.auto.c.27.o
 .data          0x00000000000010a8        0x0 /usr/local/Cellar/pebble-sdk/3.2.1/Pebble/aplite/lib/libpebble.a(tmp5yxpeipebble.o)
 .data          0x00000000000010a8        0x0 /usr/local/Cellar/pebble-toolchain/2.0/arm-cs-tools/bin/../lib/gcc/arm-none-eabi/4.7.2/thumb2/crtend.o
 .data          0x00000000000010a8        0x0 /usr/local/Cellar/pebble-toolchain/2.0/arm-cs-tools/bin/../lib/gcc/arm-none-eabi/4.7.2/thumb2/crtn.o
 *(.data.*)
 .data.shake_for_weather
                0x00000000000010a8        0x1 src/square.c.27.o
 .data.time_buffer.6725
                0x00000000000010a9        0x6 src/square.c.27.o
 .data.date_buffer.6726
                0x00000000000010af        0xb src/square.c.27.o

.igot.plt       0x00000000000010bc        0x0
 .igot.plt      0x0000000000000000        0x0 /usr/local/Cellar/pebble-toolchain/2.0/arm-cs-tools/bin/../lib/gcc/arm-none-eabi/4.7.2/thumb2/crtbegin.o

.bss            0x00000000000010bc       0xc8
 *(.bss)
 *(.bss.*)
 .bss.conditions_buffer.6749
                0x00000000000010bc       0x64 src/square.c.27.o
 .bss.s_time_font
                0x0000000000001120        0x4 src/square.c.27.o
 .bss.use_celsius
                0x0000000000001124        0x1 src/square.c.27.o
 *fill*         0x0000000000001125        0x3 
 .bss.s_weather_layer
                0x0000000000001128        0x4 src/square.c.27.o
 .bss.invert_colors
                0x000000000000112c        0x1 src/square.c.27.o
 *fill*         0x000000000000112d        0x3 
 .bss.s_main_window
                0x0000000000001130        0x4 src/square.c.27.o
 .bss.s_time_layer
                0x0000000000001134        0x4 src/square.c.27.o
 .bss.s_temp_layer
                0x0000000000001138        0x4 src/square.c.27.o
 .bss.s_date_layer
                0x000000000000113c        0x4 src/square.c.27.o
 .bss.s_weather_font
                0x0000000000001140        0x4 src/square.c.27.o
 .bss.s_conditions_layer
                0x0000000000001144        0x4 src/square.c.27.o
 .bss.s_batt_layer
                0x0000000000001148        0x4 src/square.c.27.o
 .bss.s_date_font
                0x000000000000114c        0x4 src/square.c.27.o
 .bss.s_weather_layer_unanimated
                0x0000000000001150        0x4 src/square.c.27.o
 .bss.temp_c_buffer.6748
                0x0000000000001154        0xf src/square.c.27.o
 *fill*         0x0000000000001163        0x1 
 .bss.s_conditions_layer_unanimated
                0x0000000000001164        0x4 src/square.c.27.o
 .bss.s_temp_layer_unanimated
                0x0000000000001168        0x4 src/square.c.27.o
 .bss.temp_buffer.6747
                0x000000000000116c        0xf src/square.c.27.o
 *fill*         0x000000000000117b        0x1 
 .bss.s_charge_layer
                0x000000000000117c        0x4 src/square.c.27.o
 .bss.s_scharge_layer
                0x0000000000001180        0x4 src/square.c.27.o

DISCARD
 libc.a(*)
 libm.a(*)
 libgcc.a(*)
 *(.eh_frame)
OUTPUT(/Users/Turner/pebble-dev/PebbleSDK-3.2.1/Projects/square/build/aplite/pebble-app.elf elf32-littlearm)

.ARM.attributes
                0x0000000000000000       0x27
 .ARM.attributes
                0x0000000000000000       0x19 /usr/local/Cellar/pebble-toolchain/2.0/arm-cs-tools/bin/../lib/gcc/arm-none-eabi/4.7.2/thumb2/crti.o
 .ARM.attributes
                0x0000000000000019       0x29 /usr/local/Cellar/pebble-toolchain/2.0/arm-cs-tools/bin/../lib/gcc/arm-none-eabi/4.7.2/thumb2/crtbegin.o
 .ARM.attributes
                0x0000000000000042       0x33 src/square.c.27.o
 .ARM.attributes
                0x0000000000000075       0x33 aplite/appinfo.auto.c.27.o
 .ARM.attributes
                0x00000000000000a8       0x21 /usr/local/Cellar/pebble-sdk/3.2.1/Pebble/aplite/lib/libpebble.a(tmp5yxpeipebble.o)
 .ARM.attributes
                0x00000000000000c9       0x29 /usr/local/Cellar/pebble-toolchain/2.0/arm-cs-tools/bin/../lib/gcc/arm-none-eabi/4.7.2/thumb2/crtend.o
 .ARM.attributes
                0x00000000000000f2       0x19 /usr/local/Cellar/pebble-toolchain/2.0/arm-cs-tools/bin/../lib/gcc/arm-none-eabi/4.7.2/thumb2/crtn.o

.comment        0x0000000000000000       0x4e
 .comment       0x0000000000000000       0x4e /usr/local/Cellar/pebble-toolchain/2.0/arm-cs-tools/bin/../lib/gcc/arm-none-eabi/4.7.2/thumb2/crtbegin.o
                                         0x4f (size before relaxing)
 .comment       0x0000000000000000       0x4f src/square.c.27.o
 .comment       0x0000000000000000       0x4f aplite/appinfo.auto.c.27.o
 .comment       0x0000000000000000       0x4f /usr/local/Cellar/pebble-toolchain/2.0/arm-cs-tools/bin/../lib/gcc/arm-none-eabi/4.7.2/thumb2/crtend.o

.debug_info     0x0000000000000000     0x269d
 .debug_info    0x0000000000000000     0x2344 src/square.c.27.o
 .debug_info    0x0000000000002344      0x359 aplite/appinfo.auto.c.27.o

.debug_abbrev   0x0000000000000000      0x4bc
 .debug_abbrev  0x0000000000000000      0x41e src/square.c.27.o
 .debug_abbrev  0x000000000000041e       0x9e aplite/appinfo.auto.c.27.o

.debug_loc      0x0000000000000000      0x537
 .debug_loc     0x0000000000000000      0x537 src/square.c.27.o

.debug_aranges  0x0000000000000000       0x98
 .debug_aranges
                0x0000000000000000       0x80 src/square.c.27.o
 .debug_aranges
                0x0000000000000080       0x18 aplite/appinfo.auto.c.27.o

.debug_ranges   0x0000000000000000       0x70
 .debug_ranges  0x0000000000000000       0x70 src/square.c.27.o

.debug_line     0x0000000000000000      0x5b6
 .debug_line    0x0000000000000000      0x487 src/square.c.27.o
 .debug_line    0x0000000000000487      0x12f aplite/appinfo.auto.c.27.o

.debug_str      0x0000000000000000     0x1339
 .debug_str     0x0000000000000000     0x1120 src/square.c.27.o
                                       0x121a (size before relaxing)
 .debug_str     0x0000000000001120      0x219 aplite/appinfo.auto.c.27.o
                                        0x40a (size before relaxing)

.debug_frame    0x0000000000000000      0x188
 .debug_frame   0x0000000000000000      0x188 src/square.c.27.o
